// Jest Snapshot v1, https://goo.gl/fbAQLP

exports[`Text Test renders the Text String 1`] = `
Array [
  <style
    dangerouslySetInnerHTML={
      Object {
        "__html": ".css-ahj2mt-MuiTypography-root{margin:0;font-family:\\"Roboto\\",\\"Helvetica\\",\\"Arial\\",sans-serif;font-weight:400;font-size:1rem;line-height:1.5;letter-spacing:0.00938em;}",
      }
    }
    data-emotion="css ahj2mt-MuiTypography-root"
  />,
  <p
    className="MuiTypography-root MuiTypography-body1 css-ahj2mt-MuiTypography-root"
  >
    Test
  </p>,
]
`;
